2025-04-18 23:23:24 [restartedMain] INFO  c.d.w.DroneInventorySystemApplication - Starting DroneInventorySystemApplication using Java 17.0.10 with PID 4327 (/Users/KurokiKazuma/Workspace/Digital-OJT/DroneInventorySystem/target/classes started by KurokiKazuma in /Users/KurokiKazuma/Workspace/Digital-OJT/DroneInventorySystem)
2025-04-18 23:23:24 [restartedMain] INFO  c.d.w.DroneInventorySystemApplication - The following 1 profile is active: "develop"
2025-04-18 23:23:24 [restartedMain] INFO  o.s.b.d.e.DevToolsPropertyDefaultsPostProcessor - Devtools property defaults active! Set 'spring.devtools.add-properties' to 'false' to disable
2025-04-18 23:23:24 [restartedMain] INFO  o.s.b.d.e.DevToolsPropertyDefaultsPostProcessor - For additional web related logging consider setting the 'logging.level.web' property to 'DEBUG'
2025-04-18 23:23:25 [restartedMain] INFO  o.s.d.r.c.RepositoryConfigurationDelegate - Bootstrapping Spring Data JPA repositories in DEFAULT mode.
2025-04-18 23:23:25 [restartedMain] INFO  o.s.d.r.c.RepositoryConfigurationDelegate - Finished Spring Data repository scanning in 89 ms. Found 4 JPA repository interfaces.
2025-04-18 23:23:26 [restartedMain] INFO  o.s.b.w.e.tomcat.TomcatWebServer - Tomcat initialized with port 8080 (http)
2025-04-18 23:23:26 [restartedMain] INFO  o.a.coyote.http11.Http11NioProtocol - Initializing ProtocolHandler ["http-nio-8080"]
2025-04-18 23:23:26 [restartedMain] INFO  o.a.catalina.core.StandardService - Starting service [Tomcat]
2025-04-18 23:23:26 [restartedMain] INFO  o.a.catalina.core.StandardEngine - Starting Servlet engine: [Apache Tomcat/10.1.28]
2025-04-18 23:23:26 [restartedMain] INFO  o.a.c.c.C.[Tomcat].[localhost].[/] - Initializing Spring embedded WebApplicationContext
2025-04-18 23:23:26 [restartedMain] INFO  o.s.b.w.s.c.ServletWebServerApplicationContext - Root WebApplicationContext: initialization completed in 2257 ms
2025-04-18 23:23:26 [restartedMain] INFO  com.zaxxer.hikari.HikariDataSource - HikariPool-1 - Starting...
2025-04-18 23:23:26 [restartedMain] INFO  com.zaxxer.hikari.pool.HikariPool - HikariPool-1 - Added connection com.mysql.cj.jdbc.ConnectionImpl@640a7887
2025-04-18 23:23:26 [restartedMain] INFO  com.zaxxer.hikari.HikariDataSource - HikariPool-1 - Start completed.
2025-04-18 23:23:26 [restartedMain] INFO  o.s.b.a.h.H2ConsoleAutoConfiguration - H2 console available at '/h2-console'. Database available at 'jdbc:mysql://localhost:3306/stock_mng'
2025-04-18 23:23:27 [restartedMain] INFO  o.s.o.j.p.SpringPersistenceUnitInfo - No LoadTimeWeaver setup: ignoring JPA class transformer
2025-04-18 23:23:29 [restartedMain] INFO  o.s.o.j.LocalContainerEntityManagerFactoryBean - Initialized JPA EntityManagerFactory for persistence unit 'default'
2025-04-18 23:23:29 [restartedMain] INFO  o.s.d.j.r.query.QueryEnhancerFactory - Hibernate is in classpath; If applicable, HQL parser will be used.
2025-04-18 23:23:30 [restartedMain] WARN  o.s.b.a.o.j.JpaBaseConfiguration$JpaWebConfiguration - spring.jpa.open-in-view is enabled by default. Therefore, database queries may be performed during view rendering. Explicitly configure spring.jpa.open-in-view to disable this warning
2025-04-18 23:23:30 [restartedMain] WARN  o.s.b.a.s.s.UserDetailsServiceAutoConfiguration - 

Using generated security password: 2e2ca3b7-c27c-4875-93a9-0e770ad1fcf3

This generated password is for development use only. Your security configuration must be updated before running your application in production.

2025-04-18 23:23:30 [restartedMain] INFO  o.s.s.web.DefaultSecurityFilterChain - Will secure any request with [org.springframework.security.web.session.DisableEncodeUrlFilter@2a047ab5, org.springframework.security.web.context.request.async.WebAsyncManagerIntegrationFilter@62be5a0d, org.springframework.security.web.context.SecurityContextHolderFilter@98665bb, org.springframework.security.web.header.HeaderWriterFilter@367e605f, org.springframework.security.web.csrf.CsrfFilter@551b702a, org.springframework.security.web.authentication.logout.LogoutFilter@d9084da, org.springframework.security.web.authentication.UsernamePasswordAuthenticationFilter@a14ea5c, org.springframework.security.web.savedrequest.RequestCacheAwareFilter@62abda59, org.springframework.security.web.servletapi.SecurityContextHolderAwareRequestFilter@46fd0936, org.springframework.security.web.authentication.AnonymousAuthenticationFilter@5dcfbd27, org.springframework.security.web.access.ExceptionTranslationFilter@5e1c6a0f]
2025-04-18 23:23:31 [restartedMain] INFO  o.s.b.d.a.OptionalLiveReloadServer - LiveReload server is running on port 35729
2025-04-18 23:23:31 [restartedMain] INFO  o.a.coyote.http11.Http11NioProtocol - Starting ProtocolHandler ["http-nio-8080"]
2025-04-18 23:23:31 [restartedMain] INFO  o.s.b.w.e.tomcat.TomcatWebServer - Tomcat started on port 8080 (http) with context path ''
2025-04-18 23:23:31 [restartedMain] INFO  c.d.w.DroneInventorySystemApplication - Started DroneInventorySystemApplication in 7.994 seconds (process running for 9.025)
2025-04-18 23:23:32 [http-nio-8080-exec-1] INFO  o.a.c.c.C.[Tomcat].[localhost].[/] - Initializing Spring DispatcherServlet 'dispatcherServlet'
2025-04-18 23:23:32 [http-nio-8080-exec-1] INFO  o.s.web.servlet.DispatcherServlet - Initializing Servlet 'dispatcherServlet'
2025-04-18 23:23:32 [http-nio-8080-exec-1] INFO  o.s.web.servlet.DispatcherServlet - Completed initialization in 3 ms
2025-04-18 23:23:35 [http-nio-8080-exec-4] INFO  APP - 【INFO】時間: 1744986215710 | 処理対象: 在庫一覧画面 | 処理内容: 初期表示 | 処理結果: 開始
2025-04-18 23:23:35 [http-nio-8080-exec-4] INFO  APP - 【INFO】時間: 1744986215947 | 処理対象: 在庫一覧画面 | 処理内容: 初期表示 | 処理結果: 成功
2025-04-18 23:23:37 [http-nio-8080-exec-6] INFO  APP - 【INFO】時間: 1744986217999 | 処理対象: 在庫センター情報画面 | 処理内容: 初期表示 | 処理結果: 開始
2025-04-18 23:23:38 [http-nio-8080-exec-6] INFO  APP - 【INFO】時間: 1744986218037 | 処理対象: 在庫センター情報画面 | 処理内容: 初期表示 | 処理結果: 成功
2025-04-18 23:23:57 [http-nio-8080-exec-9] INFO  APP - 【INFO】時間: 1744986237324 | 処理対象: 在庫センター情報画面 | 処理内容: 検索処理 | 処理結果: 開始
2025-04-18 23:23:57 [http-nio-8080-exec-9] INFO  APP - 【INFO】時間: 1744986237348 | 処理対象: 在庫センター情報画面 | 処理内容: 検索処理 | 処理結果: 成功
2025-04-18 23:24:04 [http-nio-8080-exec-5] INFO  APP - 【INFO】時間: 1744986244097 | 処理対象: 在庫センター情報画面 | 処理内容: 初期表示 | 処理結果: 開始
2025-04-18 23:24:04 [http-nio-8080-exec-5] INFO  APP - 【INFO】時間: 1744986244114 | 処理対象: 在庫センター情報画面 | 処理内容: 初期表示 | 処理結果: 成功
2025-04-18 23:24:23 [http-nio-8080-exec-9] INFO  APP - 【INFO】時間: 1744986263035 | 処理対象: 在庫センター情報画面 | 処理内容: 検索処理 | 処理結果: 開始
2025-04-18 23:24:23 [http-nio-8080-exec-9] INFO  APP - 【INFO】時間: 1744986263045 | 処理対象: 在庫センター情報画面 | 処理内容: 検索処理 | 処理結果: 成功
2025-04-18 23:24:24 [http-nio-8080-exec-5] INFO  APP - 【INFO】時間: 1744986264506 | 処理対象: 在庫センター情報画面 | 処理内容: 初期表示 | 処理結果: 開始
2025-04-18 23:24:24 [http-nio-8080-exec-5] INFO  APP - 【INFO】時間: 1744986264518 | 処理対象: 在庫センター情報画面 | 処理内容: 初期表示 | 処理結果: 成功
2025-04-18 23:25:59 [main] INFO  c.d.w.r.CenterInfoRepositoryTest - Starting CenterInfoRepositoryTest using Java 17.0.10 with PID 4353 (started by KurokiKazuma in /Users/KurokiKazuma/Workspace/Digital-OJT/DroneInventorySystem)
2025-04-18 23:25:59 [main] INFO  c.d.w.r.CenterInfoRepositoryTest - The following 1 profile is active: "develop"
2025-04-18 23:25:59 [main] INFO  o.s.d.r.c.RepositoryConfigurationDelegate - Bootstrapping Spring Data JPA repositories in DEFAULT mode.
2025-04-18 23:25:59 [main] INFO  o.s.d.r.c.RepositoryConfigurationDelegate - Finished Spring Data repository scanning in 90 ms. Found 4 JPA repository interfaces.
2025-04-18 23:26:00 [main] INFO  o.s.o.j.p.SpringPersistenceUnitInfo - No LoadTimeWeaver setup: ignoring JPA class transformer
2025-04-18 23:26:00 [main] INFO  com.zaxxer.hikari.HikariDataSource - HikariPool-1 - Starting...
2025-04-18 23:26:01 [main] INFO  com.zaxxer.hikari.pool.HikariPool - HikariPool-1 - Added connection com.mysql.cj.jdbc.ConnectionImpl@6b126187
2025-04-18 23:26:01 [main] INFO  com.zaxxer.hikari.HikariDataSource - HikariPool-1 - Start completed.
2025-04-18 23:26:02 [main] INFO  o.s.o.j.LocalContainerEntityManagerFactoryBean - Initialized JPA EntityManagerFactory for persistence unit 'default'
2025-04-18 23:26:03 [main] INFO  o.s.d.j.r.query.QueryEnhancerFactory - Hibernate is in classpath; If applicable, HQL parser will be used.
2025-04-18 23:26:04 [main] INFO  c.d.w.r.CenterInfoRepositoryTest - Started CenterInfoRepositoryTest in 5.679 seconds (process running for 8.043)
2025-04-18 23:26:05 [SpringApplicationShutdownHook] INFO  o.s.o.j.LocalContainerEntityManagerFactoryBean - Closing JPA EntityManagerFactory for persistence unit 'default'
2025-04-18 23:26:05 [SpringApplicationShutdownHook] INFO  com.zaxxer.hikari.HikariDataSource - HikariPool-1 - Shutdown initiated...
2025-04-18 23:26:05 [SpringApplicationShutdownHook] INFO  com.zaxxer.hikari.HikariDataSource - HikariPool-1 - Shutdown completed.
2025-04-18 23:26:11 [RMI TCP Connection(13)-127.0.0.1] INFO  o.s.b.a.SpringApplicationAdminMXBeanRegistrar$SpringApplicationAdmin - Application shutdown requested.
2025-04-18 23:26:11 [RMI TCP Connection(13)-127.0.0.1] INFO  o.a.coyote.http11.Http11NioProtocol - Stopping ProtocolHandler ["http-nio-8080"]
2025-04-18 23:26:11 [RMI TCP Connection(13)-127.0.0.1] INFO  o.s.o.j.LocalContainerEntityManagerFactoryBean - Closing JPA EntityManagerFactory for persistence unit 'default'
2025-04-18 23:26:11 [RMI TCP Connection(13)-127.0.0.1] INFO  com.zaxxer.hikari.HikariDataSource - HikariPool-1 - Shutdown initiated...
2025-04-18 23:26:11 [RMI TCP Connection(13)-127.0.0.1] INFO  com.zaxxer.hikari.HikariDataSource - HikariPool-1 - Shutdown completed.
