2025-04-19 15:43:43 [main] INFO  c.d.w.r.CenterInfoRepositoryTest - Starting CenterInfoRepositoryTest using Java 17.0.10 with PID 2513 (started by KurokiKazuma in /Users/KurokiKazuma/Workspace/Digital-OJT/DroneInventorySystem)
2025-04-19 15:43:43 [main] INFO  c.d.w.r.CenterInfoRepositoryTest - The following 1 profile is active: "develop"
2025-04-19 15:43:44 [main] INFO  o.s.d.r.c.RepositoryConfigurationDelegate - Bootstrapping Spring Data JPA repositories in DEFAULT mode.
2025-04-19 15:43:44 [main] INFO  o.s.d.r.c.RepositoryConfigurationDelegate - Finished Spring Data repository scanning in 98 ms. Found 4 JPA repository interfaces.
2025-04-19 15:43:45 [main] INFO  o.s.o.j.p.SpringPersistenceUnitInfo - No LoadTimeWeaver setup: ignoring JPA class transformer
2025-04-19 15:43:45 [main] INFO  com.zaxxer.hikari.HikariDataSource - HikariPool-1 - Starting...
2025-04-19 15:43:45 [main] INFO  com.zaxxer.hikari.pool.HikariPool - HikariPool-1 - Added connection com.mysql.cj.jdbc.ConnectionImpl@786ff0ea
2025-04-19 15:43:45 [main] INFO  com.zaxxer.hikari.HikariDataSource - HikariPool-1 - Start completed.
2025-04-19 15:43:47 [main] INFO  o.s.o.j.LocalContainerEntityManagerFactoryBean - Initialized JPA EntityManagerFactory for persistence unit 'default'
2025-04-19 15:43:47 [main] INFO  o.s.d.j.r.query.QueryEnhancerFactory - Hibernate is in classpath; If applicable, HQL parser will be used.
2025-04-19 15:43:49 [main] INFO  c.d.w.r.CenterInfoRepositoryTest - Started CenterInfoRepositoryTest in 6.03 seconds (process running for 10.161)
2025-04-19 15:43:51 [SpringApplicationShutdownHook] INFO  o.s.o.j.LocalContainerEntityManagerFactoryBean - Closing JPA EntityManagerFactory for persistence unit 'default'
2025-04-19 15:43:51 [SpringApplicationShutdownHook] INFO  com.zaxxer.hikari.HikariDataSource - HikariPool-1 - Shutdown initiated...
2025-04-19 15:43:51 [SpringApplicationShutdownHook] INFO  com.zaxxer.hikari.HikariDataSource - HikariPool-1 - Shutdown completed.
2025-04-19 15:47:28 [restartedMain] INFO  c.d.w.DroneInventorySystemApplication - Starting DroneInventorySystemApplication using Java 17.0.10 with PID 2541 (/Users/KurokiKazuma/Workspace/Digital-OJT/DroneInventorySystem/target/classes started by KurokiKazuma in /Users/KurokiKazuma/Workspace/Digital-OJT/DroneInventorySystem)
2025-04-19 15:47:28 [restartedMain] INFO  c.d.w.DroneInventorySystemApplication - The following 1 profile is active: "develop"
2025-04-19 15:47:28 [restartedMain] INFO  o.s.b.d.e.DevToolsPropertyDefaultsPostProcessor - Devtools property defaults active! Set 'spring.devtools.add-properties' to 'false' to disable
2025-04-19 15:47:28 [restartedMain] INFO  o.s.b.d.e.DevToolsPropertyDefaultsPostProcessor - For additional web related logging consider setting the 'logging.level.web' property to 'DEBUG'
2025-04-19 15:47:30 [restartedMain] INFO  o.s.d.r.c.RepositoryConfigurationDelegate - Bootstrapping Spring Data JPA repositories in DEFAULT mode.
2025-04-19 15:47:30 [restartedMain] INFO  o.s.d.r.c.RepositoryConfigurationDelegate - Finished Spring Data repository scanning in 83 ms. Found 4 JPA repository interfaces.
2025-04-19 15:47:30 [restartedMain] INFO  o.s.b.w.e.tomcat.TomcatWebServer - Tomcat initialized with port 8080 (http)
2025-04-19 15:47:31 [restartedMain] INFO  o.a.coyote.http11.Http11NioProtocol - Initializing ProtocolHandler ["http-nio-8080"]
2025-04-19 15:47:31 [restartedMain] INFO  o.a.catalina.core.StandardService - Starting service [Tomcat]
2025-04-19 15:47:31 [restartedMain] INFO  o.a.catalina.core.StandardEngine - Starting Servlet engine: [Apache Tomcat/10.1.28]
2025-04-19 15:47:31 [restartedMain] INFO  o.a.c.c.C.[Tomcat].[localhost].[/] - Initializing Spring embedded WebApplicationContext
2025-04-19 15:47:31 [restartedMain] INFO  o.s.b.w.s.c.ServletWebServerApplicationContext - Root WebApplicationContext: initialization completed in 2163 ms
2025-04-19 15:47:31 [restartedMain] INFO  com.zaxxer.hikari.HikariDataSource - HikariPool-1 - Starting...
2025-04-19 15:47:31 [restartedMain] INFO  com.zaxxer.hikari.pool.HikariPool - HikariPool-1 - Added connection com.mysql.cj.jdbc.ConnectionImpl@697e0eaf
2025-04-19 15:47:31 [restartedMain] INFO  com.zaxxer.hikari.HikariDataSource - HikariPool-1 - Start completed.
2025-04-19 15:47:31 [restartedMain] INFO  o.s.b.a.h.H2ConsoleAutoConfiguration - H2 console available at '/h2-console'. Database available at 'jdbc:mysql://localhost:3306/stock_mng'
2025-04-19 15:47:31 [restartedMain] INFO  o.s.o.j.p.SpringPersistenceUnitInfo - No LoadTimeWeaver setup: ignoring JPA class transformer
2025-04-19 15:47:33 [restartedMain] INFO  o.s.o.j.LocalContainerEntityManagerFactoryBean - Initialized JPA EntityManagerFactory for persistence unit 'default'
2025-04-19 15:47:33 [restartedMain] INFO  o.s.d.j.r.query.QueryEnhancerFactory - Hibernate is in classpath; If applicable, HQL parser will be used.
2025-04-19 15:47:34 [restartedMain] WARN  o.s.b.a.o.j.JpaBaseConfiguration$JpaWebConfiguration - spring.jpa.open-in-view is enabled by default. Therefore, database queries may be performed during view rendering. Explicitly configure spring.jpa.open-in-view to disable this warning
2025-04-19 15:47:34 [restartedMain] WARN  o.s.b.a.s.s.UserDetailsServiceAutoConfiguration - 

Using generated security password: 9937e526-f765-4340-8368-47720f9f1f31

This generated password is for development use only. Your security configuration must be updated before running your application in production.

2025-04-19 15:47:34 [restartedMain] INFO  o.s.s.web.DefaultSecurityFilterChain - Will secure any request with [org.springframework.security.web.session.DisableEncodeUrlFilter@6f882db5, org.springframework.security.web.context.request.async.WebAsyncManagerIntegrationFilter@4c0464d9, org.springframework.security.web.context.SecurityContextHolderFilter@4ae9879e, org.springframework.security.web.header.HeaderWriterFilter@141cbbc3, org.springframework.security.web.csrf.CsrfFilter@1ce75245, org.springframework.security.web.authentication.logout.LogoutFilter@5a69df03, org.springframework.security.web.authentication.UsernamePasswordAuthenticationFilter@d2e991b, org.springframework.security.web.savedrequest.RequestCacheAwareFilter@5aff86b8, org.springframework.security.web.servletapi.SecurityContextHolderAwareRequestFilter@1d2d0836, org.springframework.security.web.authentication.AnonymousAuthenticationFilter@6b2c1eb7, org.springframework.security.web.access.ExceptionTranslationFilter@5e40112f]
2025-04-19 15:47:34 [restartedMain] INFO  o.s.b.d.a.OptionalLiveReloadServer - LiveReload server is running on port 35729
2025-04-19 15:47:34 [restartedMain] INFO  o.a.coyote.http11.Http11NioProtocol - Starting ProtocolHandler ["http-nio-8080"]
2025-04-19 15:47:35 [restartedMain] INFO  o.s.b.w.e.tomcat.TomcatWebServer - Tomcat started on port 8080 (http) with context path ''
2025-04-19 15:47:35 [restartedMain] INFO  c.d.w.DroneInventorySystemApplication - Started DroneInventorySystemApplication in 6.861 seconds (process running for 8.001)
2025-04-19 15:47:37 [http-nio-8080-exec-1] INFO  o.a.c.c.C.[Tomcat].[localhost].[/] - Initializing Spring DispatcherServlet 'dispatcherServlet'
2025-04-19 15:47:37 [http-nio-8080-exec-1] INFO  o.s.web.servlet.DispatcherServlet - Initializing Servlet 'dispatcherServlet'
2025-04-19 15:47:37 [http-nio-8080-exec-1] INFO  o.s.web.servlet.DispatcherServlet - Completed initialization in 2 ms
2025-04-19 15:47:40 [http-nio-8080-exec-5] INFO  APP - 【INFO】時間: 1745045260904 | 処理対象: 在庫一覧画面 | 処理内容: 初期表示 | 処理結果: 開始
2025-04-19 15:47:41 [http-nio-8080-exec-5] INFO  APP - 【INFO】時間: 1745045261050 | 処理対象: 在庫一覧画面 | 処理内容: 初期表示 | 処理結果: 成功
2025-04-19 15:47:53 [http-nio-8080-exec-10] INFO  APP - 【INFO】時間: 1745045273889 | 処理対象: 在庫一覧画面 | 処理内容: 検索処理 | 処理結果: 開始
2025-04-19 15:47:53 [http-nio-8080-exec-10] INFO  APP - 【INFO】時間: 1745045273934 | 処理対象: 在庫一覧画面 | 処理内容: 検索処理 | 処理結果: 成功
2025-04-19 15:54:49 [main] INFO  c.d.w.r.StockInfoRepositoryTest - Starting StockInfoRepositoryTest using Java 17.0.10 with PID 2590 (started by KurokiKazuma in /Users/KurokiKazuma/Workspace/Digital-OJT/DroneInventorySystem)
2025-04-19 15:54:49 [main] INFO  c.d.w.r.StockInfoRepositoryTest - The following 1 profile is active: "develop"
2025-04-19 15:54:49 [main] INFO  o.s.d.r.c.RepositoryConfigurationDelegate - Bootstrapping Spring Data JPA repositories in DEFAULT mode.
2025-04-19 15:54:49 [main] INFO  o.s.d.r.c.RepositoryConfigurationDelegate - Finished Spring Data repository scanning in 87 ms. Found 4 JPA repository interfaces.
2025-04-19 15:54:50 [main] INFO  o.s.o.j.p.SpringPersistenceUnitInfo - No LoadTimeWeaver setup: ignoring JPA class transformer
2025-04-19 15:54:50 [main] INFO  com.zaxxer.hikari.HikariDataSource - HikariPool-1 - Starting...
2025-04-19 15:54:51 [main] INFO  com.zaxxer.hikari.pool.HikariPool - HikariPool-1 - Added connection com.mysql.cj.jdbc.ConnectionImpl@2dc21583
2025-04-19 15:54:51 [main] INFO  com.zaxxer.hikari.HikariDataSource - HikariPool-1 - Start completed.
2025-04-19 15:54:52 [main] INFO  o.s.o.j.LocalContainerEntityManagerFactoryBean - Initialized JPA EntityManagerFactory for persistence unit 'default'
2025-04-19 15:54:52 [main] INFO  o.s.d.j.r.query.QueryEnhancerFactory - Hibernate is in classpath; If applicable, HQL parser will be used.
2025-04-19 15:54:53 [main] INFO  c.d.w.r.StockInfoRepositoryTest - Started StockInfoRepositoryTest in 5.081 seconds (process running for 6.834)
2025-04-19 15:54:54 [SpringApplicationShutdownHook] INFO  o.s.o.j.LocalContainerEntityManagerFactoryBean - Closing JPA EntityManagerFactory for persistence unit 'default'
2025-04-19 15:54:54 [SpringApplicationShutdownHook] INFO  com.zaxxer.hikari.HikariDataSource - HikariPool-1 - Shutdown initiated...
2025-04-19 15:54:54 [SpringApplicationShutdownHook] INFO  com.zaxxer.hikari.HikariDataSource - HikariPool-1 - Shutdown completed.
2025-04-19 15:55:23 [main] INFO  c.d.w.r.StockInfoRepositoryTest - Starting StockInfoRepositoryTest using Java 17.0.10 with PID 2593 (started by KurokiKazuma in /Users/KurokiKazuma/Workspace/Digital-OJT/DroneInventorySystem)
2025-04-19 15:55:23 [main] INFO  c.d.w.r.StockInfoRepositoryTest - The following 1 profile is active: "develop"
2025-04-19 15:55:24 [main] INFO  o.s.d.r.c.RepositoryConfigurationDelegate - Bootstrapping Spring Data JPA repositories in DEFAULT mode.
2025-04-19 15:55:24 [main] INFO  o.s.d.r.c.RepositoryConfigurationDelegate - Finished Spring Data repository scanning in 97 ms. Found 4 JPA repository interfaces.
2025-04-19 15:55:24 [main] INFO  o.s.o.j.p.SpringPersistenceUnitInfo - No LoadTimeWeaver setup: ignoring JPA class transformer
2025-04-19 15:55:24 [main] INFO  com.zaxxer.hikari.HikariDataSource - HikariPool-1 - Starting...
2025-04-19 15:55:25 [main] INFO  com.zaxxer.hikari.pool.HikariPool - HikariPool-1 - Added connection com.mysql.cj.jdbc.ConnectionImpl@745926c3
2025-04-19 15:55:25 [main] INFO  com.zaxxer.hikari.HikariDataSource - HikariPool-1 - Start completed.
2025-04-19 15:55:26 [main] INFO  o.s.o.j.LocalContainerEntityManagerFactoryBean - Initialized JPA EntityManagerFactory for persistence unit 'default'
2025-04-19 15:55:26 [main] INFO  o.s.d.j.r.query.QueryEnhancerFactory - Hibernate is in classpath; If applicable, HQL parser will be used.
2025-04-19 15:55:27 [main] INFO  c.d.w.r.StockInfoRepositoryTest - Started StockInfoRepositoryTest in 4.829 seconds (process running for 6.598)
2025-04-19 15:55:28 [SpringApplicationShutdownHook] INFO  o.s.o.j.LocalContainerEntityManagerFactoryBean - Closing JPA EntityManagerFactory for persistence unit 'default'
2025-04-19 15:55:28 [SpringApplicationShutdownHook] INFO  com.zaxxer.hikari.HikariDataSource - HikariPool-1 - Shutdown initiated...
2025-04-19 15:55:28 [SpringApplicationShutdownHook] INFO  com.zaxxer.hikari.HikariDataSource - HikariPool-1 - Shutdown completed.
2025-04-19 15:56:59 [http-nio-8080-exec-10] INFO  APP - 【INFO】時間: 1745045819322 | 処理対象: 在庫センター情報画面 | 処理内容: 初期表示 | 処理結果: 開始
2025-04-19 15:56:59 [http-nio-8080-exec-10] INFO  APP - 【INFO】時間: 1745045819336 | 処理対象: 在庫センター情報画面 | 処理内容: 初期表示 | 処理結果: 成功
2025-04-19 15:57:01 [http-nio-8080-exec-10] INFO  APP - 【INFO】時間: 1745045821391 | 処理対象: 在庫一覧画面 | 処理内容: 初期表示 | 処理結果: 開始
2025-04-19 15:57:01 [http-nio-8080-exec-10] INFO  APP - 【INFO】時間: 1745045821417 | 処理対象: 在庫一覧画面 | 処理内容: 初期表示 | 処理結果: 成功
2025-04-19 15:57:22 [http-nio-8080-exec-9] INFO  APP - 【INFO】時間: 1745045842842 | 処理対象: 在庫一覧画面 | 処理内容: 検索処理 | 処理結果: 開始
2025-04-19 15:57:22 [http-nio-8080-exec-9] INFO  APP - 【INFO】時間: 1745045842852 | 処理対象: 在庫一覧画面 | 処理内容: 検索処理 | 処理結果: 成功
2025-04-19 16:07:43 [main] INFO  c.d.w.r.StockInfoRepositoryTest - Starting StockInfoRepositoryTest using Java 17.0.10 with PID 2721 (started by KurokiKazuma in /Users/KurokiKazuma/Workspace/Digital-OJT/DroneInventorySystem)
2025-04-19 16:07:43 [main] INFO  c.d.w.r.StockInfoRepositoryTest - The following 1 profile is active: "develop"
2025-04-19 16:07:44 [main] INFO  o.s.d.r.c.RepositoryConfigurationDelegate - Bootstrapping Spring Data JPA repositories in DEFAULT mode.
2025-04-19 16:07:44 [main] INFO  o.s.d.r.c.RepositoryConfigurationDelegate - Finished Spring Data repository scanning in 76 ms. Found 4 JPA repository interfaces.
2025-04-19 16:07:45 [main] INFO  o.s.o.j.p.SpringPersistenceUnitInfo - No LoadTimeWeaver setup: ignoring JPA class transformer
2025-04-19 16:07:45 [main] INFO  com.zaxxer.hikari.HikariDataSource - HikariPool-1 - Starting...
2025-04-19 16:07:45 [main] INFO  com.zaxxer.hikari.pool.HikariPool - HikariPool-1 - Added connection com.mysql.cj.jdbc.ConnectionImpl@2f60cbf2
2025-04-19 16:07:45 [main] INFO  com.zaxxer.hikari.HikariDataSource - HikariPool-1 - Start completed.
2025-04-19 16:07:47 [main] INFO  o.s.o.j.LocalContainerEntityManagerFactoryBean - Initialized JPA EntityManagerFactory for persistence unit 'default'
2025-04-19 16:07:47 [main] INFO  o.s.d.j.r.query.QueryEnhancerFactory - Hibernate is in classpath; If applicable, HQL parser will be used.
2025-04-19 16:07:48 [main] INFO  c.d.w.r.StockInfoRepositoryTest - Started StockInfoRepositoryTest in 5.43 seconds (process running for 7.592)
2025-04-19 16:07:49 [SpringApplicationShutdownHook] INFO  o.s.o.j.LocalContainerEntityManagerFactoryBean - Closing JPA EntityManagerFactory for persistence unit 'default'
2025-04-19 16:07:49 [SpringApplicationShutdownHook] INFO  com.zaxxer.hikari.HikariDataSource - HikariPool-1 - Shutdown initiated...
2025-04-19 16:07:49 [SpringApplicationShutdownHook] INFO  com.zaxxer.hikari.HikariDataSource - HikariPool-1 - Shutdown completed.
2025-04-19 16:08:48 [http-nio-8080-exec-9] INFO  APP - 【INFO】時間: 1745046528189 | 処理対象: 在庫一覧画面 | 処理内容: 検索処理 | 処理結果: 開始
2025-04-19 16:08:48 [http-nio-8080-exec-9] ERROR APP - 【ERROR】時間: 1745046528201 | 処理対象: 在庫一覧画面 | 処理内容: 検索処理 | 処理結果: エラー | エラー内容: すべてのフィールドが空です。少なくとも1つのフィールドに値を入力してください。
2025-04-19 16:11:34 [http-nio-8080-exec-9] INFO  APP - 【INFO】時間: 1745046694906 | 処理対象: 在庫一覧画面 | 処理内容: 検索処理 | 処理結果: 開始
2025-04-19 16:11:34 [http-nio-8080-exec-9] INFO  APP - 【INFO】時間: 1745046694919 | 処理対象: 在庫一覧画面 | 処理内容: 検索処理 | 処理結果: 成功
2025-04-19 16:11:43 [http-nio-8080-exec-1] INFO  APP - 【INFO】時間: 1745046703177 | 処理対象: 在庫一覧画面 | 処理内容: 検索処理 | 処理結果: 開始
2025-04-19 16:11:43 [http-nio-8080-exec-1] INFO  APP - 【INFO】時間: 1745046703190 | 処理対象: 在庫一覧画面 | 処理内容: 検索処理 | 処理結果: 成功
2025-04-19 16:15:12 [main] INFO  c.d.w.r.StockInfoRepositoryTest - Starting StockInfoRepositoryTest using Java 17.0.10 with PID 2745 (started by KurokiKazuma in /Users/KurokiKazuma/Workspace/Digital-OJT/DroneInventorySystem)
2025-04-19 16:15:12 [main] INFO  c.d.w.r.StockInfoRepositoryTest - The following 1 profile is active: "develop"
2025-04-19 16:15:13 [main] INFO  o.s.d.r.c.RepositoryConfigurationDelegate - Bootstrapping Spring Data JPA repositories in DEFAULT mode.
2025-04-19 16:15:13 [main] INFO  o.s.d.r.c.RepositoryConfigurationDelegate - Finished Spring Data repository scanning in 161 ms. Found 4 JPA repository interfaces.
2025-04-19 16:15:14 [main] INFO  o.s.o.j.p.SpringPersistenceUnitInfo - No LoadTimeWeaver setup: ignoring JPA class transformer
2025-04-19 16:15:14 [main] INFO  com.zaxxer.hikari.HikariDataSource - HikariPool-1 - Starting...
2025-04-19 16:15:14 [main] INFO  com.zaxxer.hikari.pool.HikariPool - HikariPool-1 - Added connection com.mysql.cj.jdbc.ConnectionImpl@1a0d313
2025-04-19 16:15:14 [main] INFO  com.zaxxer.hikari.HikariDataSource - HikariPool-1 - Start completed.
2025-04-19 16:15:16 [main] INFO  o.s.o.j.LocalContainerEntityManagerFactoryBean - Initialized JPA EntityManagerFactory for persistence unit 'default'
2025-04-19 16:15:16 [main] INFO  o.s.d.j.r.query.QueryEnhancerFactory - Hibernate is in classpath; If applicable, HQL parser will be used.
2025-04-19 16:15:17 [main] INFO  c.d.w.r.StockInfoRepositoryTest - Started StockInfoRepositoryTest in 5.476 seconds (process running for 7.381)
2025-04-19 16:15:18 [SpringApplicationShutdownHook] INFO  o.s.o.j.LocalContainerEntityManagerFactoryBean - Closing JPA EntityManagerFactory for persistence unit 'default'
2025-04-19 16:15:18 [SpringApplicationShutdownHook] INFO  com.zaxxer.hikari.HikariDataSource - HikariPool-1 - Shutdown initiated...
2025-04-19 16:15:18 [SpringApplicationShutdownHook] INFO  com.zaxxer.hikari.HikariDataSource - HikariPool-1 - Shutdown completed.
2025-04-19 16:15:38 [main] INFO  c.d.w.r.StockInfoRepositoryTest - Starting StockInfoRepositoryTest using Java 17.0.10 with PID 2748 (started by KurokiKazuma in /Users/KurokiKazuma/Workspace/Digital-OJT/DroneInventorySystem)
2025-04-19 16:15:38 [main] INFO  c.d.w.r.StockInfoRepositoryTest - The following 1 profile is active: "develop"
2025-04-19 16:15:39 [main] INFO  o.s.d.r.c.RepositoryConfigurationDelegate - Bootstrapping Spring Data JPA repositories in DEFAULT mode.
2025-04-19 16:15:39 [main] INFO  o.s.d.r.c.RepositoryConfigurationDelegate - Finished Spring Data repository scanning in 86 ms. Found 4 JPA repository interfaces.
2025-04-19 16:15:40 [main] INFO  o.s.o.j.p.SpringPersistenceUnitInfo - No LoadTimeWeaver setup: ignoring JPA class transformer
2025-04-19 16:15:40 [main] INFO  com.zaxxer.hikari.HikariDataSource - HikariPool-1 - Starting...
2025-04-19 16:15:40 [main] INFO  com.zaxxer.hikari.pool.HikariPool - HikariPool-1 - Added connection com.mysql.cj.jdbc.ConnectionImpl@1f26b992
2025-04-19 16:15:40 [main] INFO  com.zaxxer.hikari.HikariDataSource - HikariPool-1 - Start completed.
2025-04-19 16:15:42 [main] INFO  o.s.o.j.LocalContainerEntityManagerFactoryBean - Initialized JPA EntityManagerFactory for persistence unit 'default'
2025-04-19 16:15:42 [main] INFO  o.s.d.j.r.query.QueryEnhancerFactory - Hibernate is in classpath; If applicable, HQL parser will be used.
2025-04-19 16:15:43 [main] INFO  c.d.w.r.StockInfoRepositoryTest - Started StockInfoRepositoryTest in 5.131 seconds (process running for 6.876)
2025-04-19 16:15:44 [SpringApplicationShutdownHook] INFO  o.s.o.j.LocalContainerEntityManagerFactoryBean - Closing JPA EntityManagerFactory for persistence unit 'default'
2025-04-19 16:15:44 [SpringApplicationShutdownHook] INFO  com.zaxxer.hikari.HikariDataSource - HikariPool-1 - Shutdown initiated...
2025-04-19 16:15:44 [SpringApplicationShutdownHook] INFO  com.zaxxer.hikari.HikariDataSource - HikariPool-1 - Shutdown completed.
2025-04-19 16:16:19 [http-nio-8080-exec-7] INFO  APP - 【INFO】時間: 1745046979497 | 処理対象: 在庫一覧画面 | 処理内容: 検索処理 | 処理結果: 開始
2025-04-19 16:16:19 [http-nio-8080-exec-7] ERROR APP - 【ERROR】時間: 1745046979506 | 処理対象: 在庫一覧画面 | 処理内容: 検索処理 | 処理結果: エラー | エラー内容: すべてのフィールドが空です。少なくとも1つのフィールドに値を入力してください。
2025-04-19 16:16:33 [http-nio-8080-exec-4] INFO  APP - 【INFO】時間: 1745046993053 | 処理対象: 在庫一覧画面 | 処理内容: 検索処理 | 処理結果: 開始
2025-04-19 16:16:33 [http-nio-8080-exec-4] INFO  APP - 【INFO】時間: 1745046993076 | 処理対象: 在庫一覧画面 | 処理内容: 検索処理 | 処理結果: 成功
2025-04-19 16:34:18 [http-nio-8080-exec-5] INFO  APP - 【INFO】時間: 1745048058429 | 処理対象: 在庫一覧画面 | 処理内容: 検索処理 | 処理結果: 開始
2025-04-19 16:34:18 [http-nio-8080-exec-5] INFO  APP - 【INFO】時間: 1745048058444 | 処理対象: 在庫一覧画面 | 処理内容: 検索処理 | 処理結果: 成功
2025-04-19 16:34:23 [http-nio-8080-exec-3] INFO  APP - 【INFO】時間: 1745048063551 | 処理対象: 在庫一覧画面 | 処理内容: 検索処理 | 処理結果: 開始
2025-04-19 16:34:23 [http-nio-8080-exec-3] INFO  APP - 【INFO】時間: 1745048063588 | 処理対象: 在庫一覧画面 | 処理内容: 検索処理 | 処理結果: 成功
2025-04-19 16:34:29 [http-nio-8080-exec-5] INFO  APP - 【INFO】時間: 1745048069390 | 処理対象: 在庫一覧画面 | 処理内容: 検索処理 | 処理結果: 開始
2025-04-19 16:34:29 [http-nio-8080-exec-5] INFO  APP - 【INFO】時間: 1745048069401 | 処理対象: 在庫一覧画面 | 処理内容: 検索処理 | 処理結果: 成功
2025-04-19 16:36:46 [main] INFO  c.d.w.r.StockInfoRepositoryTest - Starting StockInfoRepositoryTest using Java 17.0.10 with PID 2914 (started by KurokiKazuma in /Users/KurokiKazuma/Workspace/Digital-OJT/DroneInventorySystem)
2025-04-19 16:36:46 [main] INFO  c.d.w.r.StockInfoRepositoryTest - The following 1 profile is active: "develop"
2025-04-19 16:36:47 [main] INFO  o.s.d.r.c.RepositoryConfigurationDelegate - Bootstrapping Spring Data JPA repositories in DEFAULT mode.
2025-04-19 16:36:47 [main] INFO  o.s.d.r.c.RepositoryConfigurationDelegate - Finished Spring Data repository scanning in 83 ms. Found 4 JPA repository interfaces.
2025-04-19 16:36:48 [main] INFO  o.s.o.j.p.SpringPersistenceUnitInfo - No LoadTimeWeaver setup: ignoring JPA class transformer
2025-04-19 16:36:48 [main] INFO  com.zaxxer.hikari.HikariDataSource - HikariPool-1 - Starting...
2025-04-19 16:36:48 [main] INFO  com.zaxxer.hikari.pool.HikariPool - HikariPool-1 - Added connection com.mysql.cj.jdbc.ConnectionImpl@1f26b992
2025-04-19 16:36:48 [main] INFO  com.zaxxer.hikari.HikariDataSource - HikariPool-1 - Start completed.
2025-04-19 16:36:50 [main] INFO  o.s.o.j.LocalContainerEntityManagerFactoryBean - Initialized JPA EntityManagerFactory for persistence unit 'default'
2025-04-19 16:36:50 [main] INFO  o.s.d.j.r.query.QueryEnhancerFactory - Hibernate is in classpath; If applicable, HQL parser will be used.
2025-04-19 16:36:51 [main] INFO  c.d.w.r.StockInfoRepositoryTest - Started StockInfoRepositoryTest in 5.121 seconds (process running for 6.931)
2025-04-19 16:36:52 [SpringApplicationShutdownHook] INFO  o.s.o.j.LocalContainerEntityManagerFactoryBean - Closing JPA EntityManagerFactory for persistence unit 'default'
2025-04-19 16:36:52 [SpringApplicationShutdownHook] INFO  com.zaxxer.hikari.HikariDataSource - HikariPool-1 - Shutdown initiated...
2025-04-19 16:36:52 [SpringApplicationShutdownHook] INFO  com.zaxxer.hikari.HikariDataSource - HikariPool-1 - Shutdown completed.
2025-04-19 16:37:36 [main] INFO  c.d.w.r.StockInfoRepositoryTest - Starting StockInfoRepositoryTest using Java 17.0.10 with PID 2918 (started by KurokiKazuma in /Users/KurokiKazuma/Workspace/Digital-OJT/DroneInventorySystem)
2025-04-19 16:37:36 [main] INFO  c.d.w.r.StockInfoRepositoryTest - The following 1 profile is active: "develop"
2025-04-19 16:37:36 [main] INFO  o.s.d.r.c.RepositoryConfigurationDelegate - Bootstrapping Spring Data JPA repositories in DEFAULT mode.
2025-04-19 16:37:36 [main] INFO  o.s.d.r.c.RepositoryConfigurationDelegate - Finished Spring Data repository scanning in 70 ms. Found 4 JPA repository interfaces.
2025-04-19 16:37:37 [main] INFO  o.s.o.j.p.SpringPersistenceUnitInfo - No LoadTimeWeaver setup: ignoring JPA class transformer
2025-04-19 16:37:37 [main] INFO  com.zaxxer.hikari.HikariDataSource - HikariPool-1 - Starting...
2025-04-19 16:37:37 [main] INFO  com.zaxxer.hikari.pool.HikariPool - HikariPool-1 - Added connection com.mysql.cj.jdbc.ConnectionImpl@1f26b992
2025-04-19 16:37:37 [main] INFO  com.zaxxer.hikari.HikariDataSource - HikariPool-1 - Start completed.
2025-04-19 16:37:38 [main] INFO  o.s.o.j.LocalContainerEntityManagerFactoryBean - Initialized JPA EntityManagerFactory for persistence unit 'default'
2025-04-19 16:37:39 [main] INFO  o.s.d.j.r.query.QueryEnhancerFactory - Hibernate is in classpath; If applicable, HQL parser will be used.
2025-04-19 16:37:40 [main] INFO  c.d.w.r.StockInfoRepositoryTest - Started StockInfoRepositoryTest in 4.744 seconds (process running for 6.457)
2025-04-19 16:37:41 [SpringApplicationShutdownHook] INFO  o.s.o.j.LocalContainerEntityManagerFactoryBean - Closing JPA EntityManagerFactory for persistence unit 'default'
2025-04-19 16:37:41 [SpringApplicationShutdownHook] INFO  com.zaxxer.hikari.HikariDataSource - HikariPool-1 - Shutdown initiated...
2025-04-19 16:37:41 [SpringApplicationShutdownHook] INFO  com.zaxxer.hikari.HikariDataSource - HikariPool-1 - Shutdown completed.
2025-04-19 16:38:01 [http-nio-8080-exec-5] INFO  APP - 【INFO】時間: 1745048281691 | 処理対象: 在庫一覧画面 | 処理内容: 検索処理 | 処理結果: 開始
2025-04-19 16:38:01 [http-nio-8080-exec-5] ERROR APP - 【ERROR】時間: 1745048281698 | 処理対象: 在庫一覧画面 | 処理内容: 検索処理 | 処理結果: エラー | エラー内容: すべてのフィールドが空です。少なくとも1つのフィールドに値を入力してください。
2025-04-19 16:38:20 [http-nio-8080-exec-3] INFO  APP - 【INFO】時間: 1745048300328 | 処理対象: 在庫一覧画面 | 処理内容: 検索処理 | 処理結果: 開始
2025-04-19 16:38:20 [http-nio-8080-exec-3] INFO  APP - 【INFO】時間: 1745048300344 | 処理対象: 在庫一覧画面 | 処理内容: 検索処理 | 処理結果: 成功
2025-04-19 16:38:39 [http-nio-8080-exec-5] INFO  APP - 【INFO】時間: 1745048319398 | 処理対象: 在庫一覧画面 | 処理内容: 検索処理 | 処理結果: 開始
2025-04-19 16:38:39 [http-nio-8080-exec-5] INFO  APP - 【INFO】時間: 1745048319415 | 処理対象: 在庫一覧画面 | 処理内容: 検索処理 | 処理結果: 成功
2025-04-19 16:40:46 [main] INFO  c.d.w.r.StockInfoRepositoryTest - Starting StockInfoRepositoryTest using Java 17.0.10 with PID 2932 (started by KurokiKazuma in /Users/KurokiKazuma/Workspace/Digital-OJT/DroneInventorySystem)
2025-04-19 16:40:46 [main] INFO  c.d.w.r.StockInfoRepositoryTest - The following 1 profile is active: "develop"
2025-04-19 16:40:47 [main] INFO  o.s.d.r.c.RepositoryConfigurationDelegate - Bootstrapping Spring Data JPA repositories in DEFAULT mode.
2025-04-19 16:40:47 [main] INFO  o.s.d.r.c.RepositoryConfigurationDelegate - Finished Spring Data repository scanning in 96 ms. Found 4 JPA repository interfaces.
2025-04-19 16:40:48 [main] INFO  o.s.o.j.p.SpringPersistenceUnitInfo - No LoadTimeWeaver setup: ignoring JPA class transformer
2025-04-19 16:40:48 [main] INFO  com.zaxxer.hikari.HikariDataSource - HikariPool-1 - Starting...
2025-04-19 16:40:48 [main] INFO  com.zaxxer.hikari.pool.HikariPool - HikariPool-1 - Added connection com.mysql.cj.jdbc.ConnectionImpl@2f60cbf2
2025-04-19 16:40:48 [main] INFO  com.zaxxer.hikari.HikariDataSource - HikariPool-1 - Start completed.
2025-04-19 16:40:50 [main] INFO  o.s.o.j.LocalContainerEntityManagerFactoryBean - Initialized JPA EntityManagerFactory for persistence unit 'default'
2025-04-19 16:40:50 [main] INFO  o.s.d.j.r.query.QueryEnhancerFactory - Hibernate is in classpath; If applicable, HQL parser will be used.
2025-04-19 16:40:51 [main] INFO  c.d.w.r.StockInfoRepositoryTest - Started StockInfoRepositoryTest in 5.008 seconds (process running for 6.622)
2025-04-19 16:40:52 [SpringApplicationShutdownHook] INFO  o.s.o.j.LocalContainerEntityManagerFactoryBean - Closing JPA EntityManagerFactory for persistence unit 'default'
2025-04-19 16:40:52 [SpringApplicationShutdownHook] INFO  com.zaxxer.hikari.HikariDataSource - HikariPool-1 - Shutdown initiated...
2025-04-19 16:40:52 [SpringApplicationShutdownHook] INFO  com.zaxxer.hikari.HikariDataSource - HikariPool-1 - Shutdown completed.
2025-04-19 16:41:33 [main] INFO  c.d.w.r.StockInfoRepositoryTest - Starting StockInfoRepositoryTest using Java 17.0.10 with PID 2935 (started by KurokiKazuma in /Users/KurokiKazuma/Workspace/Digital-OJT/DroneInventorySystem)
2025-04-19 16:41:33 [main] INFO  c.d.w.r.StockInfoRepositoryTest - The following 1 profile is active: "develop"
2025-04-19 16:41:34 [main] INFO  o.s.d.r.c.RepositoryConfigurationDelegate - Bootstrapping Spring Data JPA repositories in DEFAULT mode.
2025-04-19 16:41:34 [main] INFO  o.s.d.r.c.RepositoryConfigurationDelegate - Finished Spring Data repository scanning in 74 ms. Found 4 JPA repository interfaces.
2025-04-19 16:41:35 [main] INFO  o.s.o.j.p.SpringPersistenceUnitInfo - No LoadTimeWeaver setup: ignoring JPA class transformer
2025-04-19 16:41:35 [main] INFO  com.zaxxer.hikari.HikariDataSource - HikariPool-1 - Starting...
2025-04-19 16:41:35 [main] INFO  com.zaxxer.hikari.pool.HikariPool - HikariPool-1 - Added connection com.mysql.cj.jdbc.ConnectionImpl@485451d8
2025-04-19 16:41:35 [main] INFO  com.zaxxer.hikari.HikariDataSource - HikariPool-1 - Start completed.
2025-04-19 16:41:37 [main] INFO  o.s.o.j.LocalContainerEntityManagerFactoryBean - Initialized JPA EntityManagerFactory for persistence unit 'default'
2025-04-19 16:41:37 [main] INFO  o.s.d.j.r.query.QueryEnhancerFactory - Hibernate is in classpath; If applicable, HQL parser will be used.
2025-04-19 16:41:38 [main] INFO  c.d.w.r.StockInfoRepositoryTest - Started StockInfoRepositoryTest in 5.023 seconds (process running for 6.735)
2025-04-19 16:41:39 [SpringApplicationShutdownHook] INFO  o.s.o.j.LocalContainerEntityManagerFactoryBean - Closing JPA EntityManagerFactory for persistence unit 'default'
2025-04-19 16:41:39 [SpringApplicationShutdownHook] INFO  com.zaxxer.hikari.HikariDataSource - HikariPool-1 - Shutdown initiated...
2025-04-19 16:41:39 [SpringApplicationShutdownHook] INFO  com.zaxxer.hikari.HikariDataSource - HikariPool-1 - Shutdown completed.
2025-04-19 16:41:53 [http-nio-8080-exec-7] INFO  APP - 【INFO】時間: 1745048513617 | 処理対象: 在庫一覧画面 | 処理内容: 検索処理 | 処理結果: 開始
2025-04-19 16:41:53 [http-nio-8080-exec-7] INFO  APP - 【INFO】時間: 1745048513628 | 処理対象: 在庫一覧画面 | 処理内容: 検索処理 | 処理結果: 成功
2025-04-19 16:42:02 [http-nio-8080-exec-9] INFO  APP - 【INFO】時間: 1745048522545 | 処理対象: 在庫一覧画面 | 処理内容: 検索処理 | 処理結果: 開始
2025-04-19 16:42:02 [http-nio-8080-exec-9] INFO  APP - 【INFO】時間: 1745048522554 | 処理対象: 在庫一覧画面 | 処理内容: 検索処理 | 処理結果: 成功
2025-04-19 16:42:16 [main] INFO  c.d.w.r.StockInfoRepositoryTest - Starting StockInfoRepositoryTest using Java 17.0.10 with PID 2940 (started by KurokiKazuma in /Users/KurokiKazuma/Workspace/Digital-OJT/DroneInventorySystem)
2025-04-19 16:42:16 [main] INFO  c.d.w.r.StockInfoRepositoryTest - The following 1 profile is active: "develop"
2025-04-19 16:42:16 [main] INFO  o.s.d.r.c.RepositoryConfigurationDelegate - Bootstrapping Spring Data JPA repositories in DEFAULT mode.
2025-04-19 16:42:16 [main] INFO  o.s.d.r.c.RepositoryConfigurationDelegate - Finished Spring Data repository scanning in 84 ms. Found 4 JPA repository interfaces.
2025-04-19 16:42:17 [main] INFO  o.s.o.j.p.SpringPersistenceUnitInfo - No LoadTimeWeaver setup: ignoring JPA class transformer
2025-04-19 16:42:17 [main] INFO  com.zaxxer.hikari.HikariDataSource - HikariPool-1 - Starting...
2025-04-19 16:42:18 [main] INFO  com.zaxxer.hikari.pool.HikariPool - HikariPool-1 - Added connection com.mysql.cj.jdbc.ConnectionImpl@35e07e19
2025-04-19 16:42:18 [main] INFO  com.zaxxer.hikari.HikariDataSource - HikariPool-1 - Start completed.
2025-04-19 16:42:19 [main] INFO  o.s.o.j.LocalContainerEntityManagerFactoryBean - Initialized JPA EntityManagerFactory for persistence unit 'default'
2025-04-19 16:42:19 [main] INFO  o.s.d.j.r.query.QueryEnhancerFactory - Hibernate is in classpath; If applicable, HQL parser will be used.
2025-04-19 16:42:20 [main] INFO  c.d.w.r.StockInfoRepositoryTest - Started StockInfoRepositoryTest in 4.925 seconds (process running for 6.788)
2025-04-19 16:42:21 [SpringApplicationShutdownHook] INFO  o.s.o.j.LocalContainerEntityManagerFactoryBean - Closing JPA EntityManagerFactory for persistence unit 'default'
2025-04-19 16:42:21 [SpringApplicationShutdownHook] INFO  com.zaxxer.hikari.HikariDataSource - HikariPool-1 - Shutdown initiated...
2025-04-19 16:42:21 [SpringApplicationShutdownHook] INFO  com.zaxxer.hikari.HikariDataSource - HikariPool-1 - Shutdown completed.
2025-04-19 16:43:28 [http-nio-8080-exec-3] INFO  APP - 【INFO】時間: 1745048608357 | 処理対象: 在庫一覧画面 | 処理内容: 初期表示 | 処理結果: 開始
2025-04-19 16:43:28 [http-nio-8080-exec-3] INFO  APP - 【INFO】時間: 1745048608374 | 処理対象: 在庫一覧画面 | 処理内容: 初期表示 | 処理結果: 成功
2025-04-19 16:43:44 [http-nio-8080-exec-4] INFO  APP - 【INFO】時間: 1745048624557 | 処理対象: 在庫一覧画面 | 処理内容: 検索処理 | 処理結果: 開始
2025-04-19 16:43:44 [http-nio-8080-exec-4] INFO  APP - 【INFO】時間: 1745048624570 | 処理対象: 在庫一覧画面 | 処理内容: 検索処理 | 処理結果: 成功
2025-04-19 16:44:12 [http-nio-8080-exec-2] INFO  APP - 【INFO】時間: 1745048652742 | 処理対象: 在庫一覧画面 | 処理内容: 検索処理 | 処理結果: 開始
2025-04-19 16:44:12 [http-nio-8080-exec-2] INFO  APP - 【INFO】時間: 1745048652756 | 処理対象: 在庫一覧画面 | 処理内容: 検索処理 | 処理結果: 成功
2025-04-19 16:44:19 [http-nio-8080-exec-4] INFO  APP - 【INFO】時間: 1745048659115 | 処理対象: 在庫一覧画面 | 処理内容: 検索処理 | 処理結果: 開始
2025-04-19 16:44:19 [http-nio-8080-exec-4] INFO  APP - 【INFO】時間: 1745048659130 | 処理対象: 在庫一覧画面 | 処理内容: 検索処理 | 処理結果: 成功
2025-04-19 16:44:26 [http-nio-8080-exec-2] INFO  APP - 【INFO】時間: 1745048666441 | 処理対象: 在庫一覧画面 | 処理内容: 検索処理 | 処理結果: 開始
2025-04-19 16:44:26 [http-nio-8080-exec-2] INFO  APP - 【INFO】時間: 1745048666459 | 処理対象: 在庫一覧画面 | 処理内容: 検索処理 | 処理結果: 成功
2025-04-19 16:44:31 [http-nio-8080-exec-4] INFO  APP - 【INFO】時間: 1745048671146 | 処理対象: 在庫一覧画面 | 処理内容: 検索処理 | 処理結果: 開始
2025-04-19 16:44:31 [http-nio-8080-exec-4] INFO  APP - 【INFO】時間: 1745048671161 | 処理対象: 在庫一覧画面 | 処理内容: 検索処理 | 処理結果: 成功
2025-04-19 16:44:44 [http-nio-8080-exec-2] INFO  APP - 【INFO】時間: 1745048684795 | 処理対象: 在庫一覧画面 | 処理内容: 検索処理 | 処理結果: 開始
2025-04-19 16:44:44 [http-nio-8080-exec-2] INFO  APP - 【INFO】時間: 1745048684810 | 処理対象: 在庫一覧画面 | 処理内容: 検索処理 | 処理結果: 成功
2025-04-19 16:44:56 [http-nio-8080-exec-5] INFO  APP - 【INFO】時間: 1745048696831 | 処理対象: 在庫一覧画面 | 処理内容: 検索処理 | 処理結果: 開始
2025-04-19 16:44:56 [http-nio-8080-exec-5] ERROR APP - 【ERROR】時間: 1745048696844 | 処理対象: 在庫一覧画面 | 処理内容: 検索処理 | 処理結果: エラー | エラー内容: すべてのフィールドが空です。少なくとも1つのフィールドに値を入力してください。
2025-04-19 16:45:05 [http-nio-8080-exec-6] INFO  APP - 【INFO】時間: 1745048705794 | 処理対象: 在庫一覧画面 | 処理内容: 検索処理 | 処理結果: 開始
2025-04-19 16:45:05 [http-nio-8080-exec-6] ERROR APP - 【ERROR】時間: 1745048705801 | 処理対象: 在庫一覧画面 | 処理内容: 検索処理 | 処理結果: エラー | エラー内容: 容量には数値を入力してください。
2025-04-19 16:45:17 [http-nio-8080-exec-8] INFO  APP - 【INFO】時間: 1745048717347 | 処理対象: 在庫一覧画面 | 処理内容: 検索処理 | 処理結果: 開始
2025-04-19 16:45:17 [http-nio-8080-exec-8] ERROR APP - 【ERROR】時間: 1745048717352 | 処理対象: 在庫一覧画面 | 処理内容: 検索処理 | 処理結果: エラー | エラー内容: 容量の数値の大小関係は正しく入力してください。
2025-04-19 16:45:25 [http-nio-8080-exec-6] INFO  APP - 【INFO】時間: 1745048725113 | 処理対象: 在庫一覧画面 | 処理内容: 検索処理 | 処理結果: 開始
2025-04-19 16:45:25 [http-nio-8080-exec-6] ERROR APP - 【ERROR】時間: 1745048725118 | 処理対象: 在庫一覧画面 | 処理内容: 検索処理 | 処理結果: エラー | エラー内容: センター名は20文字以内で入力してください。
2025-04-19 16:45:31 [http-nio-8080-exec-8] INFO  APP - 【INFO】時間: 1745048731229 | 処理対象: 在庫一覧画面 | 処理内容: 検索処理 | 処理結果: 開始
2025-04-19 16:45:31 [http-nio-8080-exec-8] ERROR APP - 【ERROR】時間: 1745048731242 | 処理対象: 在庫一覧画面 | 処理内容: 検索処理 | 処理結果: エラー | エラー内容: 不正な入力を検知しました。
2025-04-19 16:45:43 [http-nio-8080-exec-6] INFO  APP - 【INFO】時間: 1745048743796 | 処理対象: 在庫センター情報画面 | 処理内容: 初期表示 | 処理結果: 開始
2025-04-19 16:45:43 [http-nio-8080-exec-6] INFO  APP - 【INFO】時間: 1745048743809 | 処理対象: 在庫センター情報画面 | 処理内容: 初期表示 | 処理結果: 成功
2025-04-19 16:46:12 [http-nio-8080-exec-8] INFO  APP - 【INFO】時間: 1745048772661 | 処理対象: 在庫センター情報画面 | 処理内容: 検索処理 | 処理結果: 開始
2025-04-19 16:46:12 [http-nio-8080-exec-8] INFO  APP - 【INFO】時間: 1745048772679 | 処理対象: 在庫センター情報画面 | 処理内容: 検索処理 | 処理結果: 成功
2025-04-19 16:46:16 [http-nio-8080-exec-1] INFO  APP - 【INFO】時間: 1745048776766 | 処理対象: 在庫センター情報画面 | 処理内容: 初期表示 | 処理結果: 開始
2025-04-19 16:46:16 [http-nio-8080-exec-1] INFO  APP - 【INFO】時間: 1745048776772 | 処理対象: 在庫センター情報画面 | 処理内容: 初期表示 | 処理結果: 成功
2025-04-19 16:46:21 [http-nio-8080-exec-8] INFO  APP - 【INFO】時間: 1745048781399 | 処理対象: 在庫センター情報画面 | 処理内容: 検索処理 | 処理結果: 開始
2025-04-19 16:46:21 [http-nio-8080-exec-8] INFO  APP - 【INFO】時間: 1745048781412 | 処理対象: 在庫センター情報画面 | 処理内容: 検索処理 | 処理結果: 成功
2025-04-19 16:46:22 [http-nio-8080-exec-1] INFO  APP - 【INFO】時間: 1745048782674 | 処理対象: 在庫センター情報画面 | 処理内容: 初期表示 | 処理結果: 開始
2025-04-19 16:46:22 [http-nio-8080-exec-1] INFO  APP - 【INFO】時間: 1745048782680 | 処理対象: 在庫センター情報画面 | 処理内容: 初期表示 | 処理結果: 成功
2025-04-19 16:46:29 [http-nio-8080-exec-4] INFO  APP - 【INFO】時間: 1745048789114 | 処理対象: 在庫センター情報画面 | 処理内容: 検索処理 | 処理結果: 開始
2025-04-19 16:46:29 [http-nio-8080-exec-4] INFO  APP - 【INFO】時間: 1745048789124 | 処理対象: 在庫センター情報画面 | 処理内容: 検索処理 | 処理結果: 成功
2025-04-19 16:46:34 [http-nio-8080-exec-1] INFO  APP - 【INFO】時間: 1745048794112 | 処理対象: 在庫センター情報画面 | 処理内容: 検索処理 | 処理結果: 開始
2025-04-19 16:46:34 [http-nio-8080-exec-1] ERROR APP - 【ERROR】時間: 1745048794113 | 処理対象: 在庫センター情報画面 | 処理内容: 検索処理 | 処理結果: エラー | エラー内容: 容量の数値の大小関係は正しく入力してください。
2025-04-19 16:46:37 [http-nio-8080-exec-4] INFO  APP - 【INFO】時間: 1745048797012 | 処理対象: 在庫センター情報画面 | 処理内容: 検索処理 | 処理結果: 開始
2025-04-19 16:46:37 [http-nio-8080-exec-4] ERROR APP - 【ERROR】時間: 1745048797012 | 処理対象: 在庫センター情報画面 | 処理内容: 検索処理 | 処理結果: エラー | エラー内容: 容量には数値を入力してください。
2025-04-19 16:47:01 [http-nio-8080-exec-8] INFO  APP - 【INFO】時間: 1745048821657 | 処理対象: 在庫センター情報画面 | 処理内容: 登録処理 | 処理結果: 開始
2025-04-19 16:47:01 [http-nio-8080-exec-8] ERROR APP - 【ERROR】時間: 1745048821658 | 処理対象: 在庫センター情報画面 | 処理内容: 登録処理 | 処理結果: エラー | エラー内容: 最大容量より大きい数値を設定することはできません。
2025-04-19 16:47:09 [http-nio-8080-exec-1] INFO  APP - 【INFO】時間: 1745048829961 | 処理対象: 在庫センター情報画面 | 処理内容: 登録処理 | 処理結果: 開始
2025-04-19 16:47:10 [http-nio-8080-exec-1] INFO  APP - 【INFO】時間: 1745048830016 | 処理対象: 在庫センター情報画面 | 処理内容: 登録処理 | 処理結果: 成功 | 登録内容: 京都物流センター
2025-04-19 16:47:10 [http-nio-8080-exec-6] INFO  APP - 【INFO】時間: 1745048830023 | 処理対象: 在庫センター情報画面 | 処理内容: 初期表示 | 処理結果: 開始
2025-04-19 16:47:10 [http-nio-8080-exec-6] INFO  APP - 【INFO】時間: 1745048830026 | 処理対象: 在庫センター情報画面 | 処理内容: 初期表示 | 処理結果: 成功
2025-04-19 16:47:28 [http-nio-8080-exec-3] INFO  APP - 【INFO】時間: 1745048848891 | 処理対象: 在庫センター情報画面 | 処理内容: 更新処理 | 処理結果: 開始 (ID: 26)
2025-04-19 16:47:28 [http-nio-8080-exec-3] INFO  APP - 【INFO】時間: 1745048848916 | 処理対象: 在庫センター情報画面 | 処理内容: 更新処理 | 処理結果: 成功 | 更新内容: ID: 26, Name: 京都物流センター
2025-04-19 16:47:28 [http-nio-8080-exec-2] INFO  APP - 【INFO】時間: 1745048848924 | 処理対象: 在庫センター情報画面 | 処理内容: 初期表示 | 処理結果: 開始
2025-04-19 16:47:28 [http-nio-8080-exec-2] INFO  APP - 【INFO】時間: 1745048848928 | 処理対象: 在庫センター情報画面 | 処理内容: 初期表示 | 処理結果: 成功
2025-04-19 16:47:32 [http-nio-8080-exec-8] INFO  APP - 【INFO】時間: 1745048852154 | 処理対象: 在庫センター情報画面 | 処理内容: 初期表示 | 処理結果: 開始
2025-04-19 16:47:32 [http-nio-8080-exec-8] INFO  APP - 【INFO】時間: 1745048852160 | 処理対象: 在庫センター情報画面 | 処理内容: 初期表示 | 処理結果: 成功
2025-04-19 16:47:36 [http-nio-8080-exec-10] INFO  APP - 【INFO】時間: 1745048856506 | 処理対象: 在庫センター情報画面 | 処理内容: 初期表示 | 処理結果: 開始
2025-04-19 16:47:36 [http-nio-8080-exec-10] INFO  APP - 【INFO】時間: 1745048856511 | 処理対象: 在庫センター情報画面 | 処理内容: 初期表示 | 処理結果: 成功
2025-04-19 16:47:48 [http-nio-8080-exec-3] INFO  APP - 【INFO】時間: 1745048868295 | 処理対象: 在庫センター情報画面 | 処理内容: 削除処理 | 処理結果: 開始 (ID: 26)
2025-04-19 16:47:48 [http-nio-8080-exec-3] INFO  APP - 【INFO】時間: 1745048868322 | 処理対象: 在庫センター情報画面 | 処理内容: 削除処理 | 処理結果: 成功 | 削除内容: ID: 26
2025-04-19 16:47:48 [http-nio-8080-exec-6] INFO  APP - 【INFO】時間: 1745048868327 | 処理対象: 在庫センター情報画面 | 処理内容: 初期表示 | 処理結果: 開始
2025-04-19 16:47:48 [http-nio-8080-exec-6] INFO  APP - 【INFO】時間: 1745048868333 | 処理対象: 在庫センター情報画面 | 処理内容: 初期表示 | 処理結果: 成功
2025-04-19 16:48:03 [http-nio-8080-exec-6] INFO  APP - 【INFO】時間: 1745048883012 | 処理対象: 在庫センター情報画面 | 処理内容: 初期表示 | 処理結果: 開始
2025-04-19 16:48:03 [http-nio-8080-exec-6] INFO  APP - 【INFO】時間: 1745048883016 | 処理対象: 在庫センター情報画面 | 処理内容: 初期表示 | 処理結果: 成功
2025-04-19 16:48:03 [http-nio-8080-exec-7] INFO  APP - 【INFO】時間: 1745048883552 | 処理対象: 在庫一覧画面 | 処理内容: 初期表示 | 処理結果: 開始
2025-04-19 16:48:03 [http-nio-8080-exec-7] INFO  APP - 【INFO】時間: 1745048883563 | 処理対象: 在庫一覧画面 | 処理内容: 初期表示 | 処理結果: 成功
2025-04-19 17:01:38 [RMI TCP Connection(82)-127.0.0.1] INFO  o.s.b.a.SpringApplicationAdminMXBeanRegistrar$SpringApplicationAdmin - Application shutdown requested.
2025-04-19 17:01:38 [RMI TCP Connection(82)-127.0.0.1] INFO  o.a.coyote.http11.Http11NioProtocol - Stopping ProtocolHandler ["http-nio-8080"]
2025-04-19 17:01:38 [RMI TCP Connection(82)-127.0.0.1] INFO  o.s.o.j.LocalContainerEntityManagerFactoryBean - Closing JPA EntityManagerFactory for persistence unit 'default'
2025-04-19 17:01:38 [RMI TCP Connection(82)-127.0.0.1] INFO  com.zaxxer.hikari.HikariDataSource - HikariPool-1 - Shutdown initiated...
2025-04-19 17:01:38 [RMI TCP Connection(82)-127.0.0.1] INFO  com.zaxxer.hikari.HikariDataSource - HikariPool-1 - Shutdown completed.
