2025-04-25 18:03:37 [restartedMain] INFO  c.d.w.DroneInventorySystemApplication - Starting DroneInventorySystemApplication using Java 17.0.10 with PID 788 (/Users/KurokiKazuma/Workspace/Digital-OJT/DroneInventorySystem/target/classes started by KurokiKazuma in /Users/KurokiKazuma/Workspace/Digital-OJT/DroneInventorySystem)
2025-04-25 18:03:37 [restartedMain] INFO  c.d.w.DroneInventorySystemApplication - The following 1 profile is active: "develop"
2025-04-25 18:03:37 [restartedMain] INFO  o.s.b.d.e.DevToolsPropertyDefaultsPostProcessor - Devtools property defaults active! Set 'spring.devtools.add-properties' to 'false' to disable
2025-04-25 18:03:37 [restartedMain] INFO  o.s.b.d.e.DevToolsPropertyDefaultsPostProcessor - For additional web related logging consider setting the 'logging.level.web' property to 'DEBUG'
2025-04-25 18:03:38 [restartedMain] INFO  o.s.d.r.c.RepositoryConfigurationDelegate - Bootstrapping Spring Data JPA repositories in DEFAULT mode.
2025-04-25 18:03:38 [restartedMain] INFO  o.s.d.r.c.RepositoryConfigurationDelegate - Finished Spring Data repository scanning in 101 ms. Found 4 JPA repository interfaces.
2025-04-25 18:03:39 [restartedMain] INFO  o.s.b.w.e.tomcat.TomcatWebServer - Tomcat initialized with port 8080 (http)
2025-04-25 18:03:39 [restartedMain] INFO  o.a.coyote.http11.Http11NioProtocol - Initializing ProtocolHandler ["http-nio-8080"]
2025-04-25 18:03:39 [restartedMain] INFO  o.a.catalina.core.StandardService - Starting service [Tomcat]
2025-04-25 18:03:39 [restartedMain] INFO  o.a.catalina.core.StandardEngine - Starting Servlet engine: [Apache Tomcat/10.1.28]
2025-04-25 18:03:39 [restartedMain] INFO  o.a.c.c.C.[Tomcat].[localhost].[/] - Initializing Spring embedded WebApplicationContext
2025-04-25 18:03:39 [restartedMain] INFO  o.s.b.w.s.c.ServletWebServerApplicationContext - Root WebApplicationContext: initialization completed in 2634 ms
2025-04-25 18:03:40 [restartedMain] INFO  com.zaxxer.hikari.HikariDataSource - HikariPool-1 - Starting...
2025-04-25 18:03:40 [restartedMain] INFO  com.zaxxer.hikari.pool.HikariPool - HikariPool-1 - Added connection com.mysql.cj.jdbc.ConnectionImpl@491da798
2025-04-25 18:03:40 [restartedMain] INFO  com.zaxxer.hikari.HikariDataSource - HikariPool-1 - Start completed.
2025-04-25 18:03:40 [restartedMain] INFO  o.s.b.a.h.H2ConsoleAutoConfiguration - H2 console available at '/h2-console'. Database available at 'jdbc:mysql://localhost:3306/stock_mng'
2025-04-25 18:03:41 [restartedMain] INFO  o.s.o.j.p.SpringPersistenceUnitInfo - No LoadTimeWeaver setup: ignoring JPA class transformer
2025-04-25 18:03:43 [restartedMain] INFO  o.s.o.j.LocalContainerEntityManagerFactoryBean - Initialized JPA EntityManagerFactory for persistence unit 'default'
2025-04-25 18:03:43 [restartedMain] INFO  o.s.d.j.r.query.QueryEnhancerFactory - Hibernate is in classpath; If applicable, HQL parser will be used.
2025-04-25 18:03:44 [restartedMain] WARN  o.s.b.a.o.j.JpaBaseConfiguration$JpaWebConfiguration - spring.jpa.open-in-view is enabled by default. Therefore, database queries may be performed during view rendering. Explicitly configure spring.jpa.open-in-view to disable this warning
2025-04-25 18:03:44 [restartedMain] WARN  o.s.b.a.s.s.UserDetailsServiceAutoConfiguration - 

Using generated security password: a0c5cc50-a546-4218-a20b-b68d7f8bcef4

This generated password is for development use only. Your security configuration must be updated before running your application in production.

2025-04-25 18:03:45 [restartedMain] INFO  o.s.s.web.DefaultSecurityFilterChain - Will secure any request with [org.springframework.security.web.session.DisableEncodeUrlFilter@5b18f99e, org.springframework.security.web.context.request.async.WebAsyncManagerIntegrationFilter@362ff5b9, org.springframework.security.web.context.SecurityContextHolderFilter@2de8864f, org.springframework.security.web.header.HeaderWriterFilter@414125b, org.springframework.security.web.csrf.CsrfFilter@1565ec58, org.springframework.security.web.authentication.logout.LogoutFilter@9655cc8, org.springframework.security.web.authentication.UsernamePasswordAuthenticationFilter@705f4c30, org.springframework.security.web.savedrequest.RequestCacheAwareFilter@9331d79, org.springframework.security.web.servletapi.SecurityContextHolderAwareRequestFilter@3605c2f2, org.springframework.security.web.authentication.AnonymousAuthenticationFilter@764bf303, org.springframework.security.web.access.ExceptionTranslationFilter@49f8823f]
2025-04-25 18:03:45 [restartedMain] INFO  o.s.b.d.a.OptionalLiveReloadServer - LiveReload server is running on port 35729
2025-04-25 18:03:45 [restartedMain] INFO  o.a.coyote.http11.Http11NioProtocol - Starting ProtocolHandler ["http-nio-8080"]
2025-04-25 18:03:45 [restartedMain] INFO  o.s.b.w.e.tomcat.TomcatWebServer - Tomcat started on port 8080 (http) with context path ''
2025-04-25 18:03:45 [restartedMain] INFO  c.d.w.DroneInventorySystemApplication - Started DroneInventorySystemApplication in 9.411 seconds (process running for 10.666)
2025-04-25 18:04:11 [http-nio-8080-exec-3] INFO  o.a.c.c.C.[Tomcat].[localhost].[/] - Initializing Spring DispatcherServlet 'dispatcherServlet'
2025-04-25 18:04:11 [http-nio-8080-exec-3] INFO  o.s.web.servlet.DispatcherServlet - Initializing Servlet 'dispatcherServlet'
2025-04-25 18:04:11 [http-nio-8080-exec-3] INFO  o.s.web.servlet.DispatcherServlet - Completed initialization in 3 ms
2025-04-25 18:04:16 [http-nio-8080-exec-7] INFO  APP - 【INFO】時間: 1745571856283 | 処理対象: 在庫一覧画面 | 処理内容: 初期表示 | 処理結果: 開始
2025-04-25 18:04:16 [http-nio-8080-exec-7] INFO  APP - 【INFO】時間: 1745571856518 | 処理対象: 在庫一覧画面 | 処理内容: 初期表示 | 処理結果: 成功
2025-04-25 18:04:43 [http-nio-8080-exec-1] INFO  APP - 【INFO】時間: 1745571883410 | 処理対象: 在庫センター情報画面 | 処理内容: 初期表示 | 処理結果: 開始
2025-04-25 18:04:43 [http-nio-8080-exec-1] INFO  APP - 【INFO】時間: 1745571883465 | 処理対象: 在庫センター情報画面 | 処理内容: 初期表示 | 処理結果: 成功
2025-04-25 18:09:40 [HikariPool-1 housekeeper] WARN  com.zaxxer.hikari.pool.HikariPool - HikariPool-1 - Retrograde clock change detected (housekeeper delta=29s547ms), soft-evicting connections from pool.
2025-04-25 18:15:31 [http-nio-8080-exec-1] INFO  APP - 【INFO】時間: 1745572531547 | 処理対象: 在庫センター情報画面 | 処理内容: 登録処理 | 処理結果: 開始
2025-04-25 18:15:31 [http-nio-8080-exec-1] ERROR APP - 【ERROR】時間: 1745572531553 | 処理対象: 在庫センター情報画面 | 処理内容: 登録処理 | 処理結果: エラー | エラー内容: センター名を入力してください。
2025-04-25 18:17:43 [http-nio-8080-exec-10] INFO  APP - 【INFO】時間: 1745572663810 | 処理対象: 在庫センター情報画面 | 処理内容: 登録処理 | 処理結果: 開始
2025-04-25 18:17:43 [http-nio-8080-exec-10] ERROR APP - 【ERROR】時間: 1745572663810 | 処理対象: 在庫センター情報画面 | 処理内容: 登録処理 | 処理結果: エラー | エラー内容: センター名は20文字以内で入力してください。
2025-04-25 18:21:19 [http-nio-8080-exec-9] INFO  APP - 【INFO】時間: 1745572879729 | 処理対象: 在庫センター情報画面 | 処理内容: 登録処理 | 処理結果: 開始
2025-04-25 18:21:19 [http-nio-8080-exec-9] ERROR APP - 【ERROR】時間: 1745572879730 | 処理対象: 在庫センター情報画面 | 処理内容: 登録処理 | 処理結果: エラー | エラー内容: 不正な入力を検知しました。
2025-04-25 18:34:12 [HikariPool-1 housekeeper] WARN  com.zaxxer.hikari.pool.HikariPool - HikariPool-1 - Retrograde clock change detected (housekeeper delta=29s778ms), soft-evicting connections from pool.
2025-04-25 18:37:36 [http-nio-8080-exec-5] INFO  APP - 【INFO】時間: 1745573856664 | 処理対象: 在庫センター情報画面 | 処理内容: 登録処理 | 処理結果: 開始
2025-04-25 18:37:36 [http-nio-8080-exec-5] ERROR APP - 【ERROR】時間: 1745573856665 | 処理対象: 在庫センター情報画面 | 処理内容: 登録処理 | 処理結果: エラー | エラー内容: 郵便番号を入力してください。
2025-04-25 18:37:45 [http-nio-8080-exec-10] INFO  APP - 【INFO】時間: 1745573865830 | 処理対象: 在庫センター情報画面 | 処理内容: 登録処理 | 処理結果: 開始
2025-04-25 18:37:45 [http-nio-8080-exec-10] ERROR APP - 【ERROR】時間: 1745573865830 | 処理対象: 在庫センター情報画面 | 処理内容: 登録処理 | 処理結果: エラー | エラー内容: 最大容量を入力してください。
2025-04-25 18:38:47 [http-nio-8080-exec-9] INFO  APP - 【INFO】時間: 1745573927688 | 処理対象: 在庫センター情報画面 | 処理内容: 登録処理 | 処理結果: 開始
2025-04-25 18:38:47 [http-nio-8080-exec-9] ERROR APP - 【ERROR】時間: 1745573927689 | 処理対象: 在庫センター情報画面 | 処理内容: 登録処理 | 処理結果: エラー | エラー内容: 容量には数値を入力してください。
2025-04-25 18:39:50 [http-nio-8080-exec-5] INFO  APP - 【INFO】時間: 1745573990563 | 処理対象: 在庫センター情報画面 | 処理内容: 登録処理 | 処理結果: 開始
2025-04-25 18:39:50 [http-nio-8080-exec-5] ERROR APP - 【ERROR】時間: 1745573990564 | 処理対象: 在庫センター情報画面 | 処理内容: 登録処理 | 処理結果: エラー | エラー内容: 現在容量を入力してください。
2025-04-25 18:41:53 [http-nio-8080-exec-6] INFO  APP - 【INFO】時間: 1745574113762 | 処理対象: 在庫センター情報画面 | 処理内容: 登録処理 | 処理結果: 開始
2025-04-25 18:41:53 [http-nio-8080-exec-6] ERROR APP - 【ERROR】時間: 1745574113762 | 処理対象: 在庫センター情報画面 | 処理内容: 登録処理 | 処理結果: エラー | エラー内容: 最大容量より大きい数値を設定することはできません。
2025-04-25 18:50:18 [http-nio-8080-exec-3] INFO  APP - 【INFO】時間: 1745574618640 | 処理対象: 在庫センター情報画面 | 処理内容: 初期表示 | 処理結果: 開始
2025-04-25 18:50:18 [http-nio-8080-exec-3] INFO  APP - 【INFO】時間: 1745574618652 | 処理対象: 在庫センター情報画面 | 処理内容: 初期表示 | 処理結果: 成功
2025-04-25 18:57:10 [http-nio-8080-exec-1] INFO  APP - 【INFO】時間: 1745575030180 | 処理対象: 在庫センター情報画面 | 処理内容: 初期表示 | 処理結果: 開始
2025-04-25 18:57:10 [http-nio-8080-exec-1] INFO  APP - 【INFO】時間: 1745575030192 | 処理対象: 在庫センター情報画面 | 処理内容: 初期表示 | 処理結果: 成功
2025-04-25 19:08:46 [http-nio-8080-exec-1] INFO  APP - 【INFO】時間: 1745575726595 | 処理対象: 在庫センター情報画面 | 処理内容: 初期表示 | 処理結果: 開始
2025-04-25 19:08:46 [http-nio-8080-exec-1] INFO  APP - 【INFO】時間: 1745575726623 | 処理対象: 在庫センター情報画面 | 処理内容: 初期表示 | 処理結果: 成功
2025-04-25 19:12:20 [http-nio-8080-exec-6] INFO  APP - 【INFO】時間: 1745575940039 | 処理対象: 在庫センター情報画面 | 処理内容: 検索処理 | 処理結果: 開始
2025-04-25 19:12:20 [http-nio-8080-exec-6] ERROR APP - 【ERROR】時間: 1745575940039 | 処理対象: 在庫センター情報画面 | 処理内容: 検索処理 | 処理結果: エラー | エラー内容: 容量には数値を入力してください。
2025-04-25 19:13:39 [http-nio-8080-exec-1] INFO  APP - 【INFO】時間: 1745576019522 | 処理対象: 在庫センター情報画面 | 処理内容: 検索処理 | 処理結果: 開始
2025-04-25 19:13:39 [http-nio-8080-exec-1] ERROR APP - 【ERROR】時間: 1745576019523 | 処理対象: 在庫センター情報画面 | 処理内容: 検索処理 | 処理結果: エラー | エラー内容: 容量の数値の大小関係は正しく入力してください。
2025-04-25 19:30:22 [RMI TCP Connection(97)-127.0.0.1] INFO  o.s.b.a.SpringApplicationAdminMXBeanRegistrar$SpringApplicationAdmin - Application shutdown requested.
2025-04-25 19:30:22 [RMI TCP Connection(97)-127.0.0.1] INFO  o.a.coyote.http11.Http11NioProtocol - Stopping ProtocolHandler ["http-nio-8080"]
2025-04-25 19:30:22 [RMI TCP Connection(97)-127.0.0.1] INFO  o.s.o.j.LocalContainerEntityManagerFactoryBean - Closing JPA EntityManagerFactory for persistence unit 'default'
2025-04-25 19:30:22 [RMI TCP Connection(97)-127.0.0.1] INFO  com.zaxxer.hikari.HikariDataSource - HikariPool-1 - Shutdown initiated...
2025-04-25 19:30:22 [RMI TCP Connection(97)-127.0.0.1] INFO  com.zaxxer.hikari.HikariDataSource - HikariPool-1 - Shutdown completed.
